1,4234,"Siim Susi",01.01.1976,EE,12.61,500,9.22,150,59.39,16.43,21.60,260,35.81,325.72
2,3494,"José Mañana Perez",3.04.1972,ES,13.75,484,10.12,150,68.44,19.18,30.85,280,33.88,382.75
3,3199,"Beata Kana",29.02.1982,ZA,13.04,453,7.79,155,64.72,18.74,24.20,240,28.20,410.76
4,3099,"Василий Пупкин",21.10.1980,UA,13.43,435,8.64,150,66.06,19.05,24.89,220,33.48,411.01
